
nihal@NWeber MINGW64 /i/HTML-CSS/Cue-Foody-NM
$ git clone https://github.com/krimnack/HTML-Assignment.git
Cloning into 'HTML-Assignment'...
remote: Enumerating objects: 6, done.
remote: Counting objects: 100% (6/6), done.
remote: Compressing objects: 100% (3/3), done.
remote: Total 6 (delta 0), reused 0 (delta 0), pack-reused 0
Receiving objects: 100% (6/6), done.

nihal@NWeber MINGW64 /i/HTML-CSS/Cue-Foody-NM
$ cd HTML-Assignment

nihal@NWeber MINGW64 /i/HTML-CSS/Cue-Foody-NM/HTML-Assignment (main)
$ git branch html-asssignment1

nihal@NWeber MINGW64 /i/HTML-CSS/Cue-Foody-NM/HTML-Assignment (main)
$ git switch html-asssignment1
Switched to branch 'html-asssignment1'

nihal@NWeber MINGW64 /i/HTML-CSS/Cue-Foody-NM/HTML-Assignment (html-asssignment1)
$ git status
On branch html-asssignment1
Untracked files:
  (use "git add <file>..." to include in what will be committed)
        Foody.html
        css/
        images/

nothing added to commit but untracked files present (use "git add" to track)

nihal@NWeber MINGW64 /i/HTML-CSS/Cue-Foody-NM/HTML-Assignment (html-asssignment1)
$ git add .

nihal@NWeber MINGW64 /i/HTML-CSS/Cue-Foody-NM/HTML-Assignment (html-asssignment1)
$ git commit -m "Intial Upload - Assignment 1"
[html-asssignment1 9398713] Intial Upload - Assignment 1
 19 files changed, 846 insertions(+)
 create mode 100644 Foody.html
 create mode 100644 css/stylus.css
 create mode 100644 images/about_img.png
 create mode 100644 images/banner_image.png
 create mode 100644 images/banner_imagee.png
 create mode 100644 images/dish_1.png
 create mode 100644 images/dish_2.png
 create mode 100644 images/dish_3.png
 create mode 100644 images/dish_4.png
 create mode 100644 images/fb_icon.svg
 create mode 100644 images/footer_bg.jpg
 create mode 100644 images/footer_logo.png
 create mode 100644 images/g_plus_icon.svg
 create mode 100644 images/logo.png
 create mode 100644 images/menu_bg.png
 create mode 100644 images/menu_icon.png
 create mode 100644 images/speciality_bg.jpg
 create mode 100644 images/twitter_icon.svg
 create mode 100644 images/you_tube_icon.svg

nihal@NWeber MINGW64 /i/HTML-CSS/Cue-Foody-NM/HTML-Assignment (html-asssignment1)
$ git push
fatal: The current branch html-asssignment1 has no upstream branch.
To push the current branch and set the remote as upstream, use

    git push --set-upstream origin html-asssignment1


nihal@NWeber MINGW64 /i/HTML-CSS/Cue-Foody-NM/HTML-Assignment (html-asssignment1)
$ git push --set-upstream origin html-asssignment1

Enumerating objects: 24, done.
Counting objects: 100% (24/24), done.
Delta compression using up to 8 threads
Compressing objects: 100% (22/22), done.
Writing objects: 100% (23/23), 3.87 MiB | 58.00 KiB/s, done.34% (8/23), 992.00 KiB | 52.00 KiB/s
Total 23 (delta 0), reused 0 (delta 0), pack-reused 0
remote:
remote: Create a pull request for 'html-asssignment1' on GitHub by visiting:
remote:      https://github.com/krimnack/HTML-Assignment/pull/new/html-asssignment1
remote:
To https://github.com/krimnack/HTML-Assignment.git
 * [new branch]      html-asssignment1 -> html-asssignment1
Branch 'html-asssignment1' set up to track remote branch 'html-asssignment1' from 'origin'.

nihal@NWeber MINGW64 /i/HTML-CSS/Cue-Foody-NM/HTML-Assignment (html-asssignment1)
$

